// Jest Snapshot v1, https://goo.gl/fbAQLP

exports[`GifGridItem tests Renders 1`] = `
<div>
  <div
    class="card"
  >
    <img
      alt="Google"
      src="https://google.es/"
    />
    <p>
      Google
    </p>
  </div>
</div>
`;
